../Core/Src/main.c:88:6:led_display	56	static
../Core/Src/main.c:101:6:clear_lcd	8	static
../Core/Src/main.c:113:6:clear_LCDtemp	16	static
../Core/Src/main.c:121:7:convert_data	24	static
../Core/Src/main.c:129:10:check_temp	16	static
../Core/Src/main.c:148:6:temperature	56	static
../Core/Src/main.c:186:10:led_timer	144	static
../Core/Src/main.c:196:6:timer	48	static
../Core/Src/main.c:218:5:main	8	static
../Core/Src/main.c:288:6:SystemClock_Config	88	static
../Core/Src/main.c:327:13:MX_ADC1_Init	24	static
../Core/Src/main.c:377:13:MX_I2C1_Init	8	static
../Core/Src/main.c:423:13:MX_TIM1_Init	32	static
../Core/Src/main.c:469:13:MX_TIM2_Init	32	static
../Core/Src/main.c:514:13:MX_GPIO_Init	48	static
../Core/Src/main.c:578:6:Error_Handler	4	static
