../Core/Src/main.c:92:6:led_display	56	static
../Core/Src/main.c:105:6:clear_lcd	8	static
../Core/Src/main.c:117:6:clear_LCDtemp	16	static
../Core/Src/main.c:125:7:convert_data	24	static
../Core/Src/main.c:133:10:check_temp	16	static
../Core/Src/main.c:151:5:readTemp	16	static
../Core/Src/main.c:161:6:temperature	48	static
../Core/Src/main.c:198:10:led_timer	144	static
../Core/Src/main.c:208:6:timer	48	static
../Core/Src/main.c:245:5:main	8	static
../Core/Src/main.c:317:6:SystemClock_Config	88	static
../Core/Src/main.c:356:13:MX_ADC1_Init	24	static
../Core/Src/main.c:406:13:MX_I2C1_Init	8	static
../Core/Src/main.c:452:13:MX_TIM1_Init	32	static
../Core/Src/main.c:498:13:MX_TIM2_Init	32	static
../Core/Src/main.c:543:13:MX_GPIO_Init	48	static
../Core/Src/main.c:607:6:Error_Handler	4	static
